job 32662.master on master at 2026-09-25T14:16:04+05:30; PBS CUDA_VISIBLE_DEVICES=unset
CUDA_VISIBLE_DEVICES=MIG-2f219700-5dc6-59eb-81ef-2bb9414d3ec0
waiting 1860s to skip the :44 window
GPU: NVIDIA H100 NVL MIG 3g.47gb, 46.4 GiB, SMs 60, torch 2.5.1+cu121, cuda 12.1
[14:47:13] load normalized ...
[14:47:13] load normalized done in 0.2s
[14:47:13] hash features ...
nc nnz/doc 17.0
nw nnz/doc 2.6
aw nnz/doc 5.9
[14:49:30] hash features done in 136.7s
[14:49:30] save tfidf matrices ...
[14:49:33] save tfidf matrices done in 2.6s
countries in S1: ['France', 'India', 'US']
[14:49:38] France: 1434993 records -> 259452 S1 ...
/tmp/ai_25901334/AmazonML/code/blocking/sparse_tfidf.py:59: UserWarning: Sparse CSR tensor support is in beta state. If you miss a functionality in the sparse tensor support, please submit a feature request to https://github.com/pytorch/pytorch/issues. (Triggered internally at ../aten/src/ATen/SparseCsrTensorImpl.cpp:53.)
  return torch.sparse_csr_tensor(torch.from_numpy(m.indptr.astype(np.int64)), torch.from_numpy(m.indices.astype(np.int64)),
    0/1434993 queries, 0s, eta 5s
    409600/1434993 queries, 18s, eta 46s
    819200/1434993 queries, 37s, eta 27s
    1228800/1434993 queries, 55s, eta 9s
[14:50:51] France: 1434993 records -> 259452 S1 done in 72.9s
[14:50:51] India: 4717565 records -> 809986 S1 ...
    0/4717565 queries, 0s, eta 22s
    409600/4717565 queries, 50s, eta 525s
    819200/4717565 queries, 100s, eta 475s
    1228800/4717565 queries, 150s, eta 425s
    1638400/4717565 queries, 200s, eta 375s
    2048000/4717565 queries, 250s, eta 325s
    2457600/4717565 queries, 299s, eta 275s
    2867200/4717565 queries, 349s, eta 225s
    3276800/4717565 queries, 399s, eta 176s
    3686400/4717565 queries, 449s, eta 126s
    4096000/4717565 queries, 499s, eta 76s
    4505600/4717565 queries, 549s, eta 26s
[15:00:37] India: 4717565 records -> 809986 S1 done in 585.4s
[15:00:37] US: 3817031 records -> 663106 S1 ...
    0/3817031 queries, 0s, eta 13s
    409600/3817031 queries, 40s, eta 330s
    819200/3817031 queries, 79s, eta 291s
    1228800/3817031 queries, 119s, eta 251s
    1638400/3817031 queries, 159s, eta 211s
    2048000/3817031 queries, 199s, eta 172s
    2457600/3817031 queries, 238s, eta 132s
    2867200/3817031 queries, 278s, eta 92s
    3276800/3817031 queries, 318s, eta 52s
    3686400/3817031 queries, 358s, eta 13s
[15:06:58] US: 3817031 records -> 663106 S1 done in 381.0s
gpu 23.70 GiB peak
EXIT rc=0 after 1187 s at 2026-09-25T15:06:59+05:30
