job 32667.master on master at 2026-09-25T15:10:24+05:30; PBS CUDA_VISIBLE_DEVICES=unset
CUDA_VISIBLE_DEVICES=MIG-2f219700-5dc6-59eb-81ef-2bb9414d3ec0
GPU: NVIDIA H100 NVL MIG 3g.47gb, 46.4 GiB, SMs 60, torch 2.5.1+cu121, cuda 12.1
[15:10:38] load lists ...
[15:10:48] load lists done in 10.2s
[15:10:48] union ...
[15:11:01] union done in 12.6s
pairs 84853404
[15:11:03] candidate recall ...
[15:11:16] candidate recall done in 13.3s
{
 "name": "c2",
 "lists": "emb/e3:emb:5,blocking/b1:comb:3,blocking/b1:name:2,blocking/b1:addr:2",
 "pairs": 84853404,
 "split": "train",
 "n_s1": 2206821,
 "s1_with_candidates": 2206821,
 "records_with_candidates": 10320219,
 "cands_per_record_mean": 8.222054590120617,
 "cand_recall_val": 0.9881905916024166,
 "cand_recall_all": 0.9881142103054776,
 "val_recall_r_e3_emb": 0.9841572807999618,
 "val_recall_r_b1_comb": 0.9825901524138685,
 "val_recall_r_b1_name": 0.5915474525820976,
 "val_recall_r_b1_addr": 0.8413254699912909,
 "val_s1_cands_mean": 38.20498810038699,
 "val_s1_cands_p50_p90_p99_max": [
  29.0,
  63.0,
  228.0,
  8451
 ],
 "val_s1_all_matches_covered": 0.9591033928592845,
 "runtime_s": 38.19266223907471
}
EXIT rc=0 after 41 s at 2026-09-25T15:11:17+05:30
