job 32737.master on master at 2026-09-25T17:03:54+05:30; PBS CUDA_VISIBLE_DEVICES=unset
CUDA_VISIBLE_DEVICES=MIG-c747c071-8b61-5993-a5e0-33f4b566bd6e
GPU: NVIDIA H100 PCIe MIG 3g.40gb, 39.5 GiB, SMs 46, torch 2.5.1+cu121, cuda 12.1
[17:04:11] baseline threshold rule ...
threshold rule {'thr': 0.7, 'margin': 0.5, 'f05_tune': 0.9867855003275353, 'val': {'n_s1': 357966, 'macro_f05': 0.9869057479415028, 'tp': 1201547, 'fp': 3915, 'fn': 37615, 'n_pred_matches': 1205462, 'n_pred_empty': 20807, 'n_true_singletons': 19918, 'singleton_acc': 0.9900592428958731, 'pair_precision': 0.9967522825273629, 'pair_recall': 0.9696448083462856}}
[17:04:20] baseline threshold rule done in 9.3s
[17:04:20] isotonic calibration on folds 1-2 ...
[17:04:52] isotonic calibration on folds 1-2 done in 31.9s
[17:04:52] expected-F decoding grid ...
{'gamma': 0.8, 'extra': 0.0, 'f05_tune': 0.9869236349356507}
{'gamma': 0.8, 'extra': 0.05, 'f05_tune': 0.9868740527480862}
{'gamma': 1.0, 'extra': 0.0, 'f05_tune': 0.9870209324968747}
{'gamma': 1.0, 'extra': 0.05, 'f05_tune': 0.9870102736214248}
{'gamma': 1.25, 'extra': 0.0, 'f05_tune': 0.9869676580409692}
{'gamma': 1.25, 'extra': 0.05, 'f05_tune': 0.9869780311617791}
{'gamma': 1.5, 'extra': 0.0, 'f05_tune': 0.9867527996627579}
{'gamma': 1.5, 'extra': 0.05, 'f05_tune': 0.9867754181931554}
expected-F decode {"gamma": 1.0, "extra": 0.0, "f05_tune": 0.9870209324968747} {"n_s1": 357966, "macro_f05": 0.9869569914817198, "tp": 1200030, "fp": 3660, "fn": 39132, "n_pred_matches": 1203690, "n_pred_empty": 20414, "n_true_singletons": 19918, "singleton_acc": 0.9812732202028316, "pair_precision": 0.9969593499987538, "pair_recall": 0.9684205939175023}
[17:12:22] expected-F decoding grid done in 449.9s
EXIT rc=0 after 497 s at 2026-09-25T17:12:23+05:30
