job 32679.master on master at 2026-09-25T13:28:21+05:30; PBS CUDA_VISIBLE_DEVICES=unset
CUDA_VISIBLE_DEVICES=MIG-2f219700-5dc6-59eb-81ef-2bb9414d3ec0
GPU: NVIDIA H100 NVL MIG 3g.47gb, 46.4 GiB, SMs 60, torch 2.5.1+cu121, cuda 12.1
[13:28:31] baseline threshold rule ...
threshold rule {'thr': 0.7, 'margin': 0.4, 'f05_tune': 0.9852703732762176, 'val': {'n_s1': 357966, 'macro_f05': 0.9851929211492338, 'tp': 1195000, 'fp': 4566, 'fn': 44162, 'n_pred_matches': 1199566, 'n_pred_empty': 20495, 'n_true_singletons': 19918, 'singleton_acc': 0.9816748669545136, 'pair_precision': 0.9961936233604487, 'pair_recall': 0.9643613990745359}}
[13:28:41] baseline threshold rule done in 9.3s
[13:28:41] isotonic calibration on folds 1-2 ...
[13:28:45] isotonic calibration on folds 1-2 done in 3.9s
[13:28:45] expected-F decoding grid ...
{'gamma': 0.8, 'extra': 0.0, 'f05_tune': 0.9845722854355679}
{'gamma': 0.8, 'extra': 0.05, 'f05_tune': 0.9845164793815968}
{'gamma': 1.0, 'extra': 0.0, 'f05_tune': 0.9848412929323604}
{'gamma': 1.0, 'extra': 0.05, 'f05_tune': 0.9848031482213762}
{'gamma': 1.25, 'extra': 0.0, 'f05_tune': 0.9848342908376453}
{'gamma': 1.25, 'extra': 0.05, 'f05_tune': 0.9848386027513877}
{'gamma': 1.5, 'extra': 0.0, 'f05_tune': 0.9846742068295196}
{'gamma': 1.5, 'extra': 0.05, 'f05_tune': 0.984658445114777}
expected-F decode {"gamma": 1.0, "extra": 0.0, "f05_tune": 0.9848412929323604} {"n_s1": 357966, "macro_f05": 0.9848250128641962, "tp": 1192868, "fp": 4336, "fn": 46294, "n_pred_matches": 1197204, "n_pred_empty": 19919, "n_true_singletons": 19918, "singleton_acc": 0.9654583793553569, "pair_precision": 0.9963782279377617, "pair_recall": 0.9626408814989484}
[13:34:31] expected-F decoding grid done in 346.2s
EXIT rc=0 after 364 s at 2026-09-25T13:34:31+05:30
