job 32581.master on master at 2026-09-25T10:37:49+05:30
CUDA_VISIBLE_DEVICES=MIG-c747c071-8b61-5993-a5e0-33f4b566bd6e
GPU: NVIDIA H100 PCIe MIG 3g.40gb, 39.5 GiB, SMs 46, torch 2.5.1+cu121, cuda 12.1
[10:37:54] load inputs to GPU ...
[10:37:56] load inputs to GPU done in 2.3s
rows 12527040 S1 2206821 3.79 GiB peak
training pairs 6110092
{'epoch': 0, 'loss': 0.28111459348528633, 'temp': 0.04539236662450885, 'time_s': 29.271900177001953}
{'epoch': 1, 'loss': 0.11477978485217154, 'temp': 0.04224743144795069, 'time_s': 37.639787435531616}
{'epoch': 2, 'loss': 0.08211287614538114, 'temp': 0.039835758520636845, 'time_s': 45.993788957595825}
{'epoch': 3, 'loss': 0.0657380226382527, 'temp': 0.03788865834938815, 'time_s': 54.34793472290039}
{'epoch': 4, 'loss': 0.056306858897569846, 'temp': 0.03626442920451581, 'time_s': 62.71082901954651}
{'epoch': 5, 'loss': 0.04947642200101554, 'temp': 0.034873737798461896, 'time_s': 71.06494116783142}
{'epoch': 6, 'loss': 0.044293474388560676, 'temp': 0.03365608192977451, 'time_s': 79.43037343025208}
{'epoch': 7, 'loss': 0.04174334181966597, 'temp': 0.03259153345644846, 'time_s': 87.77434802055359}
{'epoch': 8, 'loss': 0.038584548169501146, 'temp': 0.031627267282926655, 'time_s': 96.13592648506165}
{'epoch': 9, 'loss': 0.036036929135807576, 'temp': 0.030730112824234383, 'time_s': 104.50728106498718}
{'epoch': 10, 'loss': 0.03456450748811975, 'temp': 0.029907902462464647, 'time_s': 112.85918021202087}
{'epoch': 11, 'loss': 0.0331022184866117, 'temp': 0.029144647947126737, 'time_s': 121.23103594779968}
{'epoch': 12, 'loss': 0.0318662272811098, 'temp': 0.028423967395967524, 'time_s': 129.58932304382324}
{'epoch': 13, 'loss': 0.03087248201575576, 'temp': 0.027748676518448694, 'time_s': 137.93588662147522}
{'epoch': 14, 'loss': 0.029468646149149336, 'temp': 0.02708755973269714, 'time_s': 146.31920790672302}
{'epoch': 15, 'loss': 0.028564276454185675, 'temp': 0.026467672476000185, 'time_s': 154.6645383834839}
{'epoch': 16, 'loss': 0.027846218375642006, 'temp': 0.025870166992892532, 'time_s': 163.03152561187744}
{'epoch': 17, 'loss': 0.02701434692741092, 'temp': 0.025287392468950915, 'time_s': 171.41926884651184}
{'epoch': 18, 'loss': 0.02584123646976339, 'temp': 0.02470100924165197, 'time_s': 179.83437609672546}
{'epoch': 19, 'loss': 0.02522518452599393, 'temp': 0.024149704647016643, 'time_s': 188.20362329483032}
[10:41:04] embed all rows ...
[10:41:14] embed all rows done in 9.6s
[10:41:14] dense retrieval per country ...
/var/spool/pbs/mom_priv/jobs/32581.master.SC: line 28: 635308 Killed                  python -u code/embeddings/ngram_biencoder.py --mode train --tag e2 --epochs 20 --drop 0.15
EXIT rc=137 after 429 s at 2026-09-25T10:45:01+05:30
