job 32680.master on master at 2026-09-25T13:34:33+05:30; PBS CUDA_VISIBLE_DEVICES=unset
CUDA_VISIBLE_DEVICES=MIG-2f219700-5dc6-59eb-81ef-2bb9414d3ec0
GPU: NVIDIA H100 NVL MIG 3g.47gb, 46.4 GiB, SMs 60, torch 2.5.1+cu121, cuda 12.1
[13:34:52] stage 1: fit on all folds ...
[13:46:48] stage 1: fit on all folds done in 715.2s
[13:46:48] stage 1: score test ...
[13:48:06] stage 1: score test done in 78.7s
[13:48:08] calibrate + decode ...
[13:49:54] calibrate + decode done in 106.3s
[13:49:54] write submission files ...
[13:50:58] write submission files done in 63.4s
{
 "test_s1": 1732544,
 "candidate_pairs": 83085979,
 "pred_matches": 5795193,
 "s1_with_matches": 1636419,
 "s1_empty": 96125,
 "decode": {
  "gamma": 1.0,
  "extra": 0.0,
  "f05_tune": 0.9848412929323604
 },
 "by_country": {
  "France": {
   "s1": 259452,
   "with_match": 245212,
   "matches": 848669
  },
  "India": {
   "s1": 809986,
   "with_match": 765081,
   "matches": 2710421
  },
  "US": {
   "s1": 663106,
   "with_match": 626126,
   "matches": 2236103
  }
 },
 "args": {
  "s1_feats": "c2_train_sim19",
  "s1_tag": "xgb_c2_sim19",
  "s2_tag": "",
  "test_feats": "c2_test",
  "rename": "r_e2f_emb:r_e3_emb",
  "etag_test": "e2f",
  "btag": "b1",
  "out": "final_c2v1",
  "round_mult": 1.25
 },
 "runtime_s": 965.2263848781586,
 "gpu": "16.24 GiB peak"
}
EXIT rc=0 after 970 s at 2026-09-25T13:51:00+05:30
