job 32783.master on master at 2026-09-25T17:40:59+05:30; PBS CUDA_VISIBLE_DEVICES=unset
CUDA_VISIBLE_DEVICES=MIG-004fd09c-9a79-5488-bc35-54fb8de861f1
GPU: NVIDIA H100 NVL MIG 1g.24gb, 21.6 GiB, SMs 26, torch 2.5.1+cu121, cuda 12.1
[17:41:11] baseline threshold rule ...
threshold rule {'thr': 0.6, 'margin': 0.5, 'f05_tune': 0.9906657503911972, 'val': {'n_s1': 357966, 'macro_f05': 0.9906436796892788, 'tp': 1208824, 'fp': 2103, 'fn': 30338, 'n_pred_matches': 1210927, 'n_pred_empty': 20469, 'n_true_singletons': 19918, 'singleton_acc': 0.9925193292499247, 'pair_precision': 0.9982633139735095, 'pair_recall': 0.9755173254183069}}
[17:41:22] baseline threshold rule done in 11.3s
[17:41:22] isotonic calibration on folds 1-2 ...
[17:41:51] isotonic calibration on folds 1-2 done in 29.2s
[17:41:51] expected-F decoding grid ...
{'gamma': 0.8, 'extra': 0.0, 'f05_tune': 0.990521348154783}
{'gamma': 0.8, 'extra': 0.05, 'f05_tune': 0.9905150276586916}
{'gamma': 1.0, 'extra': 0.0, 'f05_tune': 0.9905751979223203}
{'gamma': 1.0, 'extra': 0.05, 'f05_tune': 0.9905852887921807}
{'gamma': 1.25, 'extra': 0.0, 'f05_tune': 0.9905616054543491}
{'gamma': 1.25, 'extra': 0.05, 'f05_tune': 0.9905661028559237}
{'gamma': 1.5, 'extra': 0.0, 'f05_tune': 0.9904899032717247}
{'gamma': 1.5, 'extra': 0.05, 'f05_tune': 0.9905048664000023}
expected-F decode {"gamma": 1.0, "extra": 0.05, "f05_tune": 0.9905852887921807} {"n_s1": 357966, "macro_f05": 0.9905285600226442, "tp": 1206681, "fp": 1569, "fn": 32481, "n_pred_matches": 1208250, "n_pred_empty": 20367, "n_true_singletons": 19918, "singleton_acc": 0.9898082136760719, "pair_precision": 0.9987014276846679, "pair_recall": 0.9737879308758661}
[17:54:05] expected-F decoding grid done in 733.6s
EXIT rc=0 after 782 s at 2026-09-25T17:54:06+05:30
