job 32771.master on master at 2026-09-25T17:27:58+05:30; PBS CUDA_VISIBLE_DEVICES=unset
CUDA_VISIBLE_DEVICES=MIG-110b5c2d-162d-5ada-814c-2aef6f9812f1
GPU: NVIDIA H100 PCIe MIG 3g.40gb, 39.5 GiB, SMs 46, torch 2.5.1+cu121, cuda 12.1
[17:28:08] baseline threshold rule ...
threshold rule {'thr': 0.7, 'margin': 0.6, 'f05_tune': 0.9880240037308665, 'val': {'n_s1': 357966, 'macro_f05': 0.9883065619732827, 'tp': 1204649, 'fp': 2852, 'fn': 34513, 'n_pred_matches': 1207501, 'n_pred_empty': 20722, 'n_true_singletons': 19918, 'singleton_acc': 0.9886032734210262, 'pair_precision': 0.9976380971941224, 'pair_recall': 0.9721481129989461}}
[17:28:20] baseline threshold rule done in 11.6s
[17:28:20] isotonic calibration on folds 1-2 ...
[17:28:55] isotonic calibration on folds 1-2 done in 35.0s
[17:28:55] expected-F decoding grid ...
{'gamma': 0.8, 'extra': 0.0, 'f05_tune': 0.9881507153173854}
{'gamma': 0.8, 'extra': 0.05, 'f05_tune': 0.9881203974777392}
{'gamma': 1.0, 'extra': 0.0, 'f05_tune': 0.9882294132649869}
{'gamma': 1.0, 'extra': 0.05, 'f05_tune': 0.9882030660365753}
{'gamma': 1.25, 'extra': 0.0, 'f05_tune': 0.9881843406326215}
{'gamma': 1.25, 'extra': 0.05, 'f05_tune': 0.9881992828457989}
{'gamma': 1.5, 'extra': 0.0, 'f05_tune': 0.9880049834410417}
{'gamma': 1.5, 'extra': 0.05, 'f05_tune': 0.9880289418946608}
expected-F decode {"gamma": 1.0, "extra": 0.0, "f05_tune": 0.9882294132649869} {"n_s1": 357966, "macro_f05": 0.9884143287101571, "tp": 1203644, "fp": 2673, "fn": 35518, "n_pred_matches": 1206317, "n_pred_empty": 20346, "n_true_singletons": 19918, "singleton_acc": 0.9804699266994679, "pair_precision": 0.9977841645272345, "pair_recall": 0.9713370810273394}
[17:36:29] expected-F decoding grid done in 454.6s
EXIT rc=0 after 509 s at 2026-09-25T17:36:30+05:30
