job 32777.master on master at 2026-09-25T17:50:31+05:30; PBS CUDA_VISIBLE_DEVICES=unset
CUDA_VISIBLE_DEVICES=MIG-110b5c2d-162d-5ada-814c-2aef6f9812f1
GPU: NVIDIA H100 PCIe MIG 3g.40gb, 39.5 GiB, SMs 46, torch 2.5.1+cu121, cuda 12.1
[17:50:42] baseline threshold rule ...
threshold rule {'thr': 0.7, 'margin': 0.6, 'f05_tune': 0.9907081129519385, 'val': {'n_s1': 357966, 'macro_f05': 0.9907583226464228, 'tp': 1208661, 'fp': 1943, 'fn': 30501, 'n_pred_matches': 1210604, 'n_pred_empty': 20518, 'n_true_singletons': 19918, 'singleton_acc': 0.9943769454764535, 'pair_precision': 0.9983950160415792, 'pair_recall': 0.9753857849094791}}
[17:50:55] baseline threshold rule done in 13.1s
[17:50:55] isotonic calibration on folds 1-2 ...
[17:51:40] isotonic calibration on folds 1-2 done in 44.8s
[17:51:40] expected-F decoding grid ...
{'gamma': 0.8, 'extra': 0.0, 'f05_tune': 0.9907262525380612}
{'gamma': 0.8, 'extra': 0.05, 'f05_tune': 0.990701454431708}
{'gamma': 1.0, 'extra': 0.0, 'f05_tune': 0.990751963411366}
{'gamma': 1.0, 'extra': 0.05, 'f05_tune': 0.9907443787796395}
{'gamma': 1.25, 'extra': 0.0, 'f05_tune': 0.9907014866306528}
{'gamma': 1.25, 'extra': 0.05, 'f05_tune': 0.990706827504584}
{'gamma': 1.5, 'extra': 0.0, 'f05_tune': 0.9906321854698383}
{'gamma': 1.5, 'extra': 0.05, 'f05_tune': 0.9906371605807388}
expected-F decode {"gamma": 1.0, "extra": 0.0, "f05_tune": 0.990751963411366} {"n_s1": 357966, "macro_f05": 0.9907825193721171, "tp": 1207440, "fp": 1629, "fn": 31722, "n_pred_matches": 1209069, "n_pred_empty": 20408, "n_true_singletons": 19918, "singleton_acc": 0.9920674766542825, "pair_precision": 0.9986526823531163, "pair_recall": 0.974400441588751}
[17:59:16] expected-F decoding grid done in 455.8s
EXIT rc=0 after 522 s at 2026-09-25T17:59:17+05:30
