job 32748.master on master at 2026-09-25T16:32:31+05:30; PBS CUDA_VISIBLE_DEVICES=unset
CUDA_VISIBLE_DEVICES=MIG-110b5c2d-162d-5ada-814c-2aef6f9812f1
waiting 900s to skip the :44 window
GPU: NVIDIA H100 PCIe MIG 3g.40gb, 39.5 GiB, SMs 46, torch 2.5.1+cu121, cuda 12.1
[16:47:53] tokenize 981075 pairs ...
Warning: You are sending unauthenticated requests to the HF Hub. Please set a HF_TOKEN to enable higher rate limits and faster downloads.
[16:49:49] tokenize 981075 pairs done in 115.5s
[16:49:49] model A: fine-tune on 391927 pairs ...
Loading weights:   0%|          | 0/199 [00:00<?, ?it/s]Loading weights: 100%|██████████| 199/199 [00:00<00:00, 6520.88it/s]
[1mXLMRobertaModel LOAD REPORT[0m from: FacebookAI/xlm-roberta-base
Key                       | Status     |  | 
--------------------------+------------+--+-
lm_head.dense.bias        | UNEXPECTED |  | 
lm_head.bias              | UNEXPECTED |  | 
lm_head.layer_norm.weight | UNEXPECTED |  | 
lm_head.dense.weight      | UNEXPECTED |  | 
lm_head.layer_norm.bias   | UNEXPECTED |  | 

[3mNotes:
- UNEXPECTED[3m	:can be ignored when loading from different task/architecture; not ok if you expect identical arch.[0m
    step 2000/12248 loss 0.4940 145s
    step 4000/12248 loss 0.4255 291s
    step 6000/12248 loss 0.3916 435s
    epoch 0 loss 0.3901 (444s)
    step 8000/12248 loss 0.2964 136s
    step 10000/12248 loss 0.2912 281s
    step 12000/12248 loss 0.2881 426s
    epoch 1 loss 0.2876 (444s)
[17:04:40] model A: fine-tune on 391927 pairs done in 891.3s
[17:04:40] model A: score 589148 pairs ...
[17:05:40] model A: score 589148 pairs done in 59.6s
[17:05:40] model B: fine-tune on 392328 pairs ...
Loading weights:   0%|          | 0/199 [00:00<?, ?it/s]Loading weights: 100%|██████████| 199/199 [00:00<00:00, 5781.00it/s]
[1mXLMRobertaModel LOAD REPORT[0m from: FacebookAI/xlm-roberta-base
Key                       | Status     |  | 
--------------------------+------------+--+-
lm_head.dense.bias        | UNEXPECTED |  | 
lm_head.bias              | UNEXPECTED |  | 
lm_head.layer_norm.weight | UNEXPECTED |  | 
lm_head.dense.weight      | UNEXPECTED |  | 
lm_head.layer_norm.bias   | UNEXPECTED |  | 

[3mNotes:
- UNEXPECTED[3m	:can be ignored when loading from different task/architecture; not ok if you expect identical arch.[0m
    step 2000/12262 loss 0.4944 146s
    step 4000/12262 loss 0.4272 291s
    step 6000/12262 loss 0.3937 437s
    epoch 0 loss 0.3921 (446s)
    step 8000/12262 loss 0.3008 136s
    step 10000/12262 loss 0.2941 282s
    step 12000/12262 loss 0.2899 427s
    epoch 1 loss 0.2893 (446s)
[17:20:35] model B: fine-tune on 392328 pairs done in 894.8s
[17:20:35] model B: score 391927 pairs ...
[17:21:13] model B: score 391927 pairs done in 38.2s
{"args": {"name": "hardv2", "split": "train", "epochs": 2, "max_train": 400000, "score_only": false}, "pairs": 981075, "model": "FacebookAI/xlm-roberta-base", "val_auc_mlxenc": 0.9449560866301204, "val_auc_stage1": 0.9158972083945317, "val_ap_mlxenc": 0.9223106489500608, "val_ap_stage1": 0.8823834736214906, "runtime_s": 1999.7232925891876, "gpu": "7.52 GiB peak"}
EXIT rc=0 after 2003 s at 2026-09-25T17:21:15+05:30
