job 32734.master on master at 2026-09-25T15:57:13+05:30; PBS CUDA_VISIBLE_DEVICES=unset
CUDA_VISIBLE_DEVICES=MIG-110b5c2d-162d-5ada-814c-2aef6f9812f1
GPU: NVIDIA H100 PCIe MIG 3g.40gb, 39.5 GiB, SMs 46, torch 2.5.1+cu121, cuda 12.1
76 features: ['r_b1_comb', 'r_b1_name', 'r_b1_addr', 'cos_name', 'cos_addr', 'cos_sum', 'b_n', 'a_n', 'b_gap_cos_sum', 'b_rank_cos_sum', 'a_gap_cos_sum', 'a_rank_cos_sum', 'b_gap2_cos_sum', 'key_n_s1', 'key_n_r', 'n_ratio', 'n_tsort', 'n_tset', 'n_partial', 'n_jw', 'k_tsort', 'k_tset', 'ns_ratio', 'ns_partial', 'ns_lev', 'a_tset', 'a_tsort', 'a_partial', 'n_jac', 'n_c12', 'n_c21', 'k_jac', 'k_c12', 'k_c21', 'k_eq', 'k_sorted_eq', 'first_tok_eq', 'n_len1', 'n_len2', 'n_ntok1', 'n_ntok2', 'legal_1', 'legal_2', 'legal_jac', 'is_domain', 'nonlatin', 'nonascii_left', 'src3', 'a_empty2', 'a_jac', 'a_c12', 'a_c21', 'a_ntok2', 'num_jac', 'num_c12', 'num_c21', 'num_n1', 'num_n2', 'num_conflict', 'fnum_eq', 'fnum_in', 'state_cmp', 'fnum_lev', 'fnum_reldiff', 'fnum1_in_r', 'cnum_jac', 'cnum_c12', 'cnum_c21', 'cnum_conflict', 'legal_fam_cmp', 'legal_added', 'legal_dropped', 'tok_unm_12', 'tok_unm_21', 'tok_minbest_12', 'tok_minbest_21']
[15:57:24] model A: train folds 1,2 / early stop fold 3 ...
train rows 109003160 pos 9777920
[0]	fold3-logloss:0.24348	fold3-aucpr:0.99241
[250]	fold3-logloss:0.00731	fold3-aucpr:0.99890
[500]	fold3-logloss:0.00660	fold3-aucpr:0.99909
[750]	fold3-logloss:0.00639	fold3-aucpr:0.99914
[1000]	fold3-logloss:0.00630	fold3-aucpr:0.99916
[1250]	fold3-logloss:0.00625	fold3-aucpr:0.99918
[1500]	fold3-logloss:0.00622	fold3-aucpr:0.99918
[1750]	fold3-logloss:0.00620	fold3-aucpr:0.99919
[2000]	fold3-logloss:0.00619	fold3-aucpr:0.99919
[2076]	fold3-logloss:0.00619	fold3-aucpr:0.99919
[16:03:22] model A: train folds 1,2 / early stop fold 3 done in 357.4s
rounds 1927 0.00 GiB peak
[16:03:22] model B: train folds 3,4 ...
[16:08:14] model B: train folds 3,4 done in 292.3s
[16:08:15] out-of-fold scores (streamed) ...
[16:10:44] out-of-fold scores (streamed) done in 149.1s
[16:10:44] decision search ...
[16:11:27] decision search done in 43.7s
VALIDATION fold 0: {"n_s1": 357966, "macro_f05": 0.9844718897658253, "tp": 1193442, "fp": 4912, "fn": 45720, "n_pred_matches": 1198354, "n_pred_empty": 20495, "n_true_singletons": 19918, "singleton_acc": 0.9797670448840246, "pair_precision": 0.9959010442657178, "pair_recall": 0.963104097769299, "thr": 0.7, "margin": 0.4, "candidate_recall": 0.988268684804731}
EXIT rc=0 after 846 s at 2026-09-25T16:11:28+05:30
