job 32659.master on master at 2026-09-25T13:22:54+05:30; PBS CUDA_VISIBLE_DEVICES=unset
CUDA_VISIBLE_DEVICES=MIG-5eef67d0-7e58-5016-8973-1bf2618f6d54
GPU: NVIDIA H100 PCIe MIG 3g.40gb, 39.5 GiB, SMs 46, torch 2.5.1+cu121, cuda 12.1
[13:23:10] learn translit maps (folds) ...
pairs used 886719, word map 1347, state map 16
[13:23:30] learn translit maps (folds) done in 19.4s
[13:23:30] normalize train s1 (2206821 rows) ...
/tmp/ai_25901334/AmazonML/code/common/prep.py:84: DeprecationWarning: the default behavior of `how='horizontal'` for `concat` is deprecated and will require equal heights in the next breaking release. Use `how='horizontal_extend'` to keep the current behavior.
(Deprecated in version 1.42.1)
  nd = pl.concat([df.select(pl.col("entity_id").alias("id"), "country"), nd], how="horizontal")
[13:25:19] normalize train s1 (2206821 rows) done in 108.9s
{'rows': 2206821, 'nonlatin_names': 0, 'empty_addr': 0, 'no_state': 0, 'domain': 0, 'empty_core': 0}
[13:25:19] normalize train s2 (5034616 rows) ...
[13:29:12] normalize train s2 (5034616 rows) done in 233.0s
{'rows': 5034616, 'nonlatin_names': 474345, 'empty_addr': 168974, 'no_state': 168969, 'domain': 177460, 'empty_core': 38}
[13:29:12] normalize train s3 (5285603 rows) ...
[13:33:11] normalize train s3 (5285603 rows) done in 239.1s
{'rows': 5285603, 'nonlatin_names': 278524, 'empty_addr': 175925, 'no_state': 175916, 'domain': 185341, 'empty_core': 34}
total 602s
EXIT rc=0 after 604 s at 2026-09-25T13:33:13+05:30
