job 32852.master on master at 2026-09-25T21:53:19+05:30; PBS CUDA_VISIBLE_DEVICES=unset
CUDA_VISIBLE_DEVICES=MIG-c747c071-8b61-5993-a5e0-33f4b566bd6e
waiting 3240s to skip the :44 window
GPU: NVIDIA H100 PCIe MIG 3g.40gb, 39.5 GiB, SMs 46, torch 2.5.1+cu121, cuda 12.1
[22:47:29] load edges to the GPU ...
/tmp/ai_25901334/AmazonML/code/gnn/edge_gnn.py:124: FutureWarning: You are using `torch.load` with `weights_only=False` (the current default value), which uses the default pickle module implicitly. It is possible to construct malicious pickle data which will execute arbitrary code during unpickling (See https://github.com/pytorch/pytorch/blob/main/SECURITY.md#untrusted-models for more details). In a future release, the default value for `weights_only` will be flipped to `True`. This limits the functions that could be executed during unpickling. Arbitrary objects will no longer be allowed to be loaded via this mode unless they are explicitly allowlisted by the user via `torch.serialization.add_safe_globals`. We recommend you start setting `weights_only=True` for any use case where you don't have full control of the loaded file. Please open an issue on GitHub for any issues related to this experimental feature.
  ck0 = torch.load(os.path.join(gdir, f"{args.tag}_A.pt"), map_location="cpu")
edges 68536196 S1 2206821 records 10320219 7.04 GiB peak
[22:47:54] load edges to the GPU done in 25.4s
/tmp/ai_25901334/AmazonML/code/gnn/edge_gnn.py:188: FutureWarning: You are using `torch.load` with `weights_only=False` (the current default value), which uses the default pickle module implicitly. It is possible to construct malicious pickle data which will execute arbitrary code during unpickling (See https://github.com/pytorch/pytorch/blob/main/SECURITY.md#untrusted-models for more details). In a future release, the default value for `weights_only` will be flipped to `True`. This limits the functions that could be executed during unpickling. Arbitrary objects will no longer be allowed to be loaded via this mode unless they are explicitly allowlisted by the user via `torch.serialization.add_safe_globals`. We recommend you start setting `weights_only=True` for any use case where you don't have full control of the loaded file. Please open an issue on GitHub for any issues related to this experimental feature.
  ck = torch.load(os.path.join(gdir, f"{args.tag}_{name}.pt"), map_location=dev)
{"args": {"feats": "c2_train_sim19", "s1": "oof_chainB_s1.parquet", "tag": "gnn_mlx_v2", "split": "train", "epochs": 4, "batch_s1": 1500, "lr": 0.002, "extra": "xenc/chainB_train_extra.parquet:mlxenc", "halves": "B", "out_tag": "chainB", "score_only": true, "score_folds": "0", "fit_country": "", "drop_feats": ""}, "edges": 68536196, "ap_scored": 0.9997697613349701, "runtime_s": 55.31856942176819, "gpu": "10.54 GiB peak"}
GPU: NVIDIA H100 PCIe MIG 3g.40gb, 39.5 GiB, SMs 46, torch 2.5.1+cu121, cuda 12.1
[22:48:27] load edges to the GPU ...
/tmp/ai_25901334/AmazonML/code/gnn/edge_gnn.py:124: FutureWarning: You are using `torch.load` with `weights_only=False` (the current default value), which uses the default pickle module implicitly. It is possible to construct malicious pickle data which will execute arbitrary code during unpickling (See https://github.com/pytorch/pytorch/blob/main/SECURITY.md#untrusted-models for more details). In a future release, the default value for `weights_only` will be flipped to `True`. This limits the functions that could be executed during unpickling. Arbitrary objects will no longer be allowed to be loaded via this mode unless they are explicitly allowlisted by the user via `torch.serialization.add_safe_globals`. We recommend you start setting `weights_only=True` for any use case where you don't have full control of the loaded file. Please open an issue on GitHub for any issues related to this experimental feature.
  ck0 = torch.load(os.path.join(gdir, f"{args.tag}_A.pt"), map_location="cpu")
edges 68536196 S1 2206821 records 10320219 7.04 GiB peak
[22:48:52] load edges to the GPU done in 24.5s
/tmp/ai_25901334/AmazonML/code/gnn/edge_gnn.py:188: FutureWarning: You are using `torch.load` with `weights_only=False` (the current default value), which uses the default pickle module implicitly. It is possible to construct malicious pickle data which will execute arbitrary code during unpickling (See https://github.com/pytorch/pytorch/blob/main/SECURITY.md#untrusted-models for more details). In a future release, the default value for `weights_only` will be flipped to `True`. This limits the functions that could be executed during unpickling. Arbitrary objects will no longer be allowed to be loaded via this mode unless they are explicitly allowlisted by the user via `torch.serialization.add_safe_globals`. We recommend you start setting `weights_only=True` for any use case where you don't have full control of the loaded file. Please open an issue on GitHub for any issues related to this experimental feature.
  ck = torch.load(os.path.join(gdir, f"{args.tag}_{name}.pt"), map_location=dev)
{"args": {"feats": "c2_train_sim19", "s1": "oof_chainR_s1.parquet", "tag": "gnn_mlx_v2", "split": "train", "epochs": 4, "batch_s1": 1500, "lr": 0.002, "extra": "xenc/chainR_train_extra.parquet:mlxenc", "halves": "A,B", "out_tag": "chainR", "score_only": true, "score_folds": "0", "fit_country": "", "drop_feats": ""}, "edges": 68536196, "ap_scored": 0.9997943397246222, "runtime_s": 76.88212561607361, "gpu": "10.54 GiB peak"}
GPU: NVIDIA H100 PCIe MIG 3g.40gb, 39.5 GiB, SMs 46, torch 2.5.1+cu121, cuda 12.1
[22:49:47] load edges to the GPU ...
/tmp/ai_25901334/AmazonML/code/gnn/edge_gnn.py:124: FutureWarning: You are using `torch.load` with `weights_only=False` (the current default value), which uses the default pickle module implicitly. It is possible to construct malicious pickle data which will execute arbitrary code during unpickling (See https://github.com/pytorch/pytorch/blob/main/SECURITY.md#untrusted-models for more details). In a future release, the default value for `weights_only` will be flipped to `True`. This limits the functions that could be executed during unpickling. Arbitrary objects will no longer be allowed to be loaded via this mode unless they are explicitly allowlisted by the user via `torch.serialization.add_safe_globals`. We recommend you start setting `weights_only=True` for any use case where you don't have full control of the loaded file. Please open an issue on GitHub for any issues related to this experimental feature.
  ck0 = torch.load(os.path.join(gdir, f"{args.tag}_A.pt"), map_location="cpu")
edges 83108284 S1 1732544 records 9969589 8.53 GiB peak
[22:50:19] load edges to the GPU done in 31.6s
/tmp/ai_25901334/AmazonML/code/gnn/edge_gnn.py:245: FutureWarning: You are using `torch.load` with `weights_only=False` (the current default value), which uses the default pickle module implicitly. It is possible to construct malicious pickle data which will execute arbitrary code during unpickling (See https://github.com/pytorch/pytorch/blob/main/SECURITY.md#untrusted-models for more details). In a future release, the default value for `weights_only` will be flipped to `True`. This limits the functions that could be executed during unpickling. Arbitrary objects will no longer be allowed to be loaded via this mode unless they are explicitly allowlisted by the user via `torch.serialization.add_safe_globals`. We recommend you start setting `weights_only=True` for any use case where you don't have full control of the loaded file. Please open an issue on GitHub for any issues related to this experimental feature.
  ck = torch.load(os.path.join(gdir, f"{args.tag}_{name}.pt"), map_location=dev)
{"args": {"feats": "c2_test", "s1": "test_stage1_halfA_v2.parquet", "tag": "gnn_mlx_v2", "split": "test", "epochs": 4, "batch_s1": 1500, "lr": 0.002, "extra": "xenc/chainA_test_extra.parquet:mlxenc", "halves": "A", "out_tag": "chainA", "score_only": false, "score_folds": "0", "fit_country": "", "drop_feats": ""}, "edges": 83108284, "runtime_s": 191.67639899253845, "gpu": "13.89 GiB peak"}
GPU: NVIDIA H100 PCIe MIG 3g.40gb, 39.5 GiB, SMs 46, torch 2.5.1+cu121, cuda 12.1
[22:53:02] load edges to the GPU ...
/tmp/ai_25901334/AmazonML/code/gnn/edge_gnn.py:124: FutureWarning: You are using `torch.load` with `weights_only=False` (the current default value), which uses the default pickle module implicitly. It is possible to construct malicious pickle data which will execute arbitrary code during unpickling (See https://github.com/pytorch/pytorch/blob/main/SECURITY.md#untrusted-models for more details). In a future release, the default value for `weights_only` will be flipped to `True`. This limits the functions that could be executed during unpickling. Arbitrary objects will no longer be allowed to be loaded via this mode unless they are explicitly allowlisted by the user via `torch.serialization.add_safe_globals`. We recommend you start setting `weights_only=True` for any use case where you don't have full control of the loaded file. Please open an issue on GitHub for any issues related to this experimental feature.
  ck0 = torch.load(os.path.join(gdir, f"{args.tag}_A.pt"), map_location="cpu")
edges 83108284 S1 1732544 records 9969589 8.53 GiB peak
[22:53:31] load edges to the GPU done in 28.8s
/tmp/ai_25901334/AmazonML/code/gnn/edge_gnn.py:245: FutureWarning: You are using `torch.load` with `weights_only=False` (the current default value), which uses the default pickle module implicitly. It is possible to construct malicious pickle data which will execute arbitrary code during unpickling (See https://github.com/pytorch/pytorch/blob/main/SECURITY.md#untrusted-models for more details). In a future release, the default value for `weights_only` will be flipped to `True`. This limits the functions that could be executed during unpickling. Arbitrary objects will no longer be allowed to be loaded via this mode unless they are explicitly allowlisted by the user via `torch.serialization.add_safe_globals`. We recommend you start setting `weights_only=True` for any use case where you don't have full control of the loaded file. Please open an issue on GitHub for any issues related to this experimental feature.
  ck = torch.load(os.path.join(gdir, f"{args.tag}_{name}.pt"), map_location=dev)
{"args": {"feats": "c2_test", "s1": "test_stage1_halfB_v2.parquet", "tag": "gnn_mlx_v2", "split": "test", "epochs": 4, "batch_s1": 1500, "lr": 0.002, "extra": "xenc/chainB_test_extra.parquet:mlxenc", "halves": "B", "out_tag": "chainB", "score_only": false, "score_folds": "0", "fit_country": "", "drop_feats": ""}, "edges": 83108284, "runtime_s": 188.67419028282166, "gpu": "13.89 GiB peak"}
GPU: NVIDIA H100 PCIe MIG 3g.40gb, 39.5 GiB, SMs 46, torch 2.5.1+cu121, cuda 12.1
[22:56:39] system A ...
A {"as_v3": 0.9908896167548952, "own_cal": 0.9908649671318681, "rule": "expected_f", "by_country": {"India": 0.9912374293782565, "US": 0.9906172618587802}}
[23:11:09] system A done in 870.5s
[23:11:09] system B ...
B {"as_v3": 0.9907390035295324, "own_cal": 0.9907686196740435, "rule": "expected_f", "by_country": {"India": 0.9910982335540349, "US": 0.990549410621453}}
[23:25:29] system B done in 860.0s
[23:25:29] system R ...
R {"as_v3": 0.9910217714466928, "own_cal": 0.9910206707597273, "rule": "expected_f", "by_country": {"India": 0.9914518165822388, "US": 0.9907339380915405}}
[23:39:45] system R done in 856.1s
[23:39:45] system ens ...
ens {"as_v3": 0.9909852078555814, "own_cal": 0.9909593326501045, "rule": "expected_f", "by_country": {"India": 0.9913154871570714, "US": 0.9907224728065502}}
[23:54:28] system ens done in 882.3s
EXIT rc=0 after 4022 s at 2026-09-25T23:54:29+05:30
