job 32851.master on master at 2026-09-25T21:28:05+05:30; PBS CUDA_VISIBLE_DEVICES=unset
CUDA_VISIBLE_DEVICES=MIG-c747c071-8b61-5993-a5e0-33f4b566bd6e
GPU: NVIDIA H100 PCIe MIG 3g.40gb, 39.5 GiB, SMs 46, torch 2.5.1+cu121, cuda 12.1
[21:28:25] fold-0 stage-1 scores ['B', 'R'] ...
fold-0 pairs 13678726 {'pA': 0.08945768872925335, 'pB': 0.0894497285812833, 'pR': 0.08947410977451434}
[21:44:03] fold-0 stage-1 scores ['B', 'R'] done in 938.2s
[21:44:03] test pA / pB ...
[21:44:08] test pA / pB done in 4.5s
GPU: NVIDIA H100 PCIe MIG 3g.40gb, 39.5 GiB, SMs 46, torch 2.5.1+cu121, cuda 12.1
{"args": {"split": "train", "pairs": "feats/train_f0_p1.parquet", "out": "xenc/train_f0_chain.parquet", "name": "hardv2", "jobs": "xB=B@pB,xRA=A@pR,xRB=B@pR", "lo": 0.02, "hi": 0.98, "maxlen": 110}, "pairs": 13678726, "union_band": 210871, "band_xB": 196267, "band_xRA": 192700, "band_xRB": 192700}
[21:44:10] texts + tokenize ...
Warning: You are sending unauthenticated requests to the HF Hub. Please set a HF_TOKEN to enable higher rate limits and faster downloads.
[21:44:44] texts + tokenize done in 33.7s
[21:44:44] cross-encoder A: 192700 pairs ...
Loading weights:   0%|          | 0/199 [00:00<?, ?it/s]Loading weights: 100%|██████████| 199/199 [00:00<00:00, 8497.76it/s]
[1mXLMRobertaModel LOAD REPORT[0m from: FacebookAI/xlm-roberta-base
Key                       | Status     |  | 
--------------------------+------------+--+-
lm_head.layer_norm.weight | UNEXPECTED |  | 
lm_head.layer_norm.bias   | UNEXPECTED |  | 
lm_head.dense.weight      | UNEXPECTED |  | 
lm_head.bias              | UNEXPECTED |  | 
lm_head.dense.bias        | UNEXPECTED |  | 

[3mNotes:
- UNEXPECTED[3m	:can be ignored when loading from different task/architecture; not ok if you expect identical arch.[0m
/tmp/ai_25901334/AmazonML/code/neural_reranker/xenc_score_pairs.py:72: FutureWarning: You are using `torch.load` with `weights_only=False` (the current default value), which uses the default pickle module implicitly. It is possible to construct malicious pickle data which will execute arbitrary code during unpickling (See https://github.com/pytorch/pytorch/blob/main/SECURITY.md#untrusted-models for more details). In a future release, the default value for `weights_only` will be flipped to `True`. This limits the functions that could be executed during unpickling. Arbitrary objects will no longer be allowed to be loaded via this mode unless they are explicitly allowlisted by the user via `torch.serialization.add_safe_globals`. We recommend you start setting `weights_only=True` for any use case where you don't have full control of the loaded file. Please open an issue on GitHub for any issues related to this experimental feature.
  m.load_state_dict(torch.load(os.path.join(CACHE, "xenc", f"ml_{args.name}_model_{h}.pt"), map_location=dev))
[21:45:05] cross-encoder A: 192700 pairs done in 21.1s
[21:45:05] cross-encoder B: 210871 pairs ...
Loading weights:   0%|          | 0/199 [00:00<?, ?it/s]Loading weights: 100%|██████████| 199/199 [00:00<00:00, 5783.64it/s]
[1mXLMRobertaModel LOAD REPORT[0m from: FacebookAI/xlm-roberta-base
Key                       | Status     |  | 
--------------------------+------------+--+-
lm_head.layer_norm.weight | UNEXPECTED |  | 
lm_head.layer_norm.bias   | UNEXPECTED |  | 
lm_head.dense.weight      | UNEXPECTED |  | 
lm_head.bias              | UNEXPECTED |  | 
lm_head.dense.bias        | UNEXPECTED |  | 

[3mNotes:
- UNEXPECTED[3m	:can be ignored when loading from different task/architecture; not ok if you expect identical arch.[0m
[21:45:27] cross-encoder B: 210871 pairs done in 21.6s
{"args": {"split": "train", "pairs": "feats/train_f0_p1.parquet", "out": "xenc/train_f0_chain.parquet", "name": "hardv2", "jobs": "xB=B@pB,xRA=A@pR,xRB=B@pR", "lo": 0.02, "hi": 0.98, "maxlen": 110}, "pairs": 13678726, "union_band": 210871, "band_xB": 196267, "band_xRA": 192700, "band_xRB": 192700, "runtime_s": 76.57437753677368, "gpu": "2.30 GiB peak"}
GPU: NVIDIA H100 PCIe MIG 3g.40gb, 39.5 GiB, SMs 46, torch 2.5.1+cu121, cuda 12.1
{"args": {"split": "test", "pairs": "feats/test_chain_p1.parquet", "out": "xenc/chain_test.parquet", "name": "hardv2", "jobs": "xA=A@pA,xB=B@pB", "lo": 0.02, "hi": 0.98, "maxlen": 110}, "pairs": 83108284, "union_band": 1456775, "band_xA": 1299195, "band_xB": 1298816}
[21:45:30] texts + tokenize ...
[21:48:34] texts + tokenize done in 184.0s
[21:48:34] cross-encoder A: 1299195 pairs ...
Warning: You are sending unauthenticated requests to the HF Hub. Please set a HF_TOKEN to enable higher rate limits and faster downloads.
Loading weights:   0%|          | 0/199 [00:00<?, ?it/s]Loading weights: 100%|██████████| 199/199 [00:00<00:00, 9473.97it/s]
[1mXLMRobertaModel LOAD REPORT[0m from: FacebookAI/xlm-roberta-base
Key                       | Status     |  | 
--------------------------+------------+--+-
lm_head.dense.weight      | UNEXPECTED |  | 
lm_head.dense.bias        | UNEXPECTED |  | 
lm_head.layer_norm.bias   | UNEXPECTED |  | 
lm_head.bias              | UNEXPECTED |  | 
lm_head.layer_norm.weight | UNEXPECTED |  | 

[3mNotes:
- UNEXPECTED[3m	:can be ignored when loading from different task/architecture; not ok if you expect identical arch.[0m
/tmp/ai_25901334/AmazonML/code/neural_reranker/xenc_score_pairs.py:72: FutureWarning: You are using `torch.load` with `weights_only=False` (the current default value), which uses the default pickle module implicitly. It is possible to construct malicious pickle data which will execute arbitrary code during unpickling (See https://github.com/pytorch/pytorch/blob/main/SECURITY.md#untrusted-models for more details). In a future release, the default value for `weights_only` will be flipped to `True`. This limits the functions that could be executed during unpickling. Arbitrary objects will no longer be allowed to be loaded via this mode unless they are explicitly allowlisted by the user via `torch.serialization.add_safe_globals`. We recommend you start setting `weights_only=True` for any use case where you don't have full control of the loaded file. Please open an issue on GitHub for any issues related to this experimental feature.
  m.load_state_dict(torch.load(os.path.join(CACHE, "xenc", f"ml_{args.name}_model_{h}.pt"), map_location=dev))
[21:50:48] cross-encoder A: 1299195 pairs done in 133.8s
[21:50:48] cross-encoder B: 1298816 pairs ...
Loading weights:   0%|          | 0/199 [00:00<?, ?it/s]Loading weights: 100%|██████████| 199/199 [00:00<00:00, 6434.42it/s]
[1mXLMRobertaModel LOAD REPORT[0m from: FacebookAI/xlm-roberta-base
Key                       | Status     |  | 
--------------------------+------------+--+-
lm_head.dense.weight      | UNEXPECTED |  | 
lm_head.dense.bias        | UNEXPECTED |  | 
lm_head.layer_norm.bias   | UNEXPECTED |  | 
lm_head.bias              | UNEXPECTED |  | 
lm_head.layer_norm.weight | UNEXPECTED |  | 

[3mNotes:
- UNEXPECTED[3m	:can be ignored when loading from different task/architecture; not ok if you expect identical arch.[0m
[21:53:01] cross-encoder B: 1298816 pairs done in 132.8s
{"args": {"split": "test", "pairs": "feats/test_chain_p1.parquet", "out": "xenc/chain_test.parquet", "name": "hardv2", "jobs": "xA=A@pA,xB=B@pB", "lo": 0.02, "hi": 0.98, "maxlen": 110}, "pairs": 83108284, "union_band": 1456775, "band_xA": 1299195, "band_xB": 1298816, "runtime_s": 451.4117708206177, "gpu": "2.36 GiB peak"}
GPU: NVIDIA H100 PCIe MIG 3g.40gb, 39.5 GiB, SMs 46, torch 2.5.1+cu121, cuda 12.1
chain B fold-0 cross-encoder pairs 196267
chain R fold-0 cross-encoder pairs 192700
test chain A cross-encoder pairs 1299195
test chain B cross-encoder pairs 1298816
EXIT rc=0 after 1501 s at 2026-09-25T21:53:18+05:30
