job 32606.master on master at 2026-09-25T11:51:18+05:30
CUDA_VISIBLE_DEVICES=MIG-2f219700-5dc6-59eb-81ef-2bb9414d3ec0
GPU: NVIDIA H100 NVL MIG 3g.47gb, 46.4 GiB, SMs 60, torch 2.5.1+cu121, cuda 12.1
69 features: ['r_e2_emb', 'r_b1_comb', 'r_b1_name', 'r_b1_addr', 'cos_name', 'cos_addr', 'cos_sum', 'cos_e2', 'b_n', 'a_n', 'b_gap_cos_sum', 'b_rank_cos_sum', 'a_gap_cos_sum', 'a_rank_cos_sum', 'b_gap_cos_e2', 'b_rank_cos_e2', 'a_gap_cos_e2', 'a_rank_cos_e2', 'b_gap2_cos_sum', 'b_gap2_cos_e2', 'key_n_s1', 'key_n_r', 'n_ratio', 'n_tsort', 'n_tset', 'n_partial', 'n_jw', 'k_tsort', 'k_tset', 'ns_ratio', 'ns_partial', 'ns_lev', 'a_tset', 'a_tsort', 'a_partial', 'n_jac', 'n_c12', 'n_c21', 'k_jac', 'k_c12', 'k_c21', 'k_eq', 'k_sorted_eq', 'first_tok_eq', 'n_len1', 'n_len2', 'n_ntok1', 'n_ntok2', 'legal_1', 'legal_2', 'legal_jac', 'is_domain', 'nonlatin', 'nonascii_left', 'src3', 'a_empty2', 'a_jac', 'a_c12', 'a_c21', 'a_ntok2', 'num_jac', 'num_c12', 'num_c21', 'num_n1', 'num_n2', 'num_conflict', 'fnum_eq', 'fnum_in', 'state_cmp']
[11:51:23] model A: train folds 1,2 / early stop fold 3 ...
train rows 133041600 pos 12131668
[0]	fold3-logloss:0.24475	fold3-aucpr:0.99509
[250]	fold3-logloss:0.00669	fold3-aucpr:0.99909
[500]	fold3-logloss:0.00624	fold3-aucpr:0.99920
[750]	fold3-logloss:0.00611	fold3-aucpr:0.99923
[1000]	fold3-logloss:0.00605	fold3-aucpr:0.99924
[1250]	fold3-logloss:0.00602	fold3-aucpr:0.99925
[1500]	fold3-logloss:0.00600	fold3-aucpr:0.99925
[1750]	fold3-logloss:0.00599	fold3-aucpr:0.99925
[1947]	fold3-logloss:0.00599	fold3-aucpr:0.99925
[11:56:03] model A: train folds 1,2 / early stop fold 3 done in 280.0s
rounds 1798 0.00 GiB peak
[11:56:03] model B: train folds 3,4 ...
[11:59:55] model B: train folds 3,4 done in 231.4s
[11:59:55] out-of-fold scores (streamed) ...
[12:01:49] out-of-fold scores (streamed) done in 113.4s
[12:01:49] decision search ...
[12:02:22] decision search done in 33.1s
VALIDATION fold 0: {"n_s1": 441611, "macro_f05": 0.9829618515864752, "tp": 1465375, "fp": 5630, "fn": 62898, "n_pred_matches": 1471005, "n_pred_empty": 25752, "n_true_singletons": 24706, "singleton_acc": 0.9817453250222618, "pair_precision": 0.996172684661167, "pair_recall": 0.9588437406144059, "thr": 0.7, "margin": 0.2, "candidate_recall": 0.9880636509314763}
EXIT rc=0 after 662 s at 2026-09-25T12:02:23+05:30
