== 2026-10-05T20:29:01+05:30 cands_train
python -u code/blocking/build_candidates.py --name c2 --split train --lists emb/e3:emb:5,blocking/b1:comb:3,blocking/b1:name:2,blocking/b1:addr:2
GPU: NVIDIA H100 NVL MIG 3g.47gb, 46.4 GiB, SMs 60, torch 2.5.1+cu121, cuda 12.1
[20:29:03] load lists ...
[20:29:04] load lists done in 0.8s
[20:29:04] union ...
[20:29:07] union done in 3.6s
pairs 51601095
[20:29:08] candidate recall ...
[20:29:19] candidate recall done in 10.5s
{
 "name": "c2",
 "lists": "emb/e3:emb:5,blocking/b1:comb:3,blocking/b1:name:2,blocking/b1:addr:2",
 "pairs": 51601095,
 "split": "train",
 "n_s1": 2206821,
 "s1_with_candidates": 2206807,
 "records_with_candidates": 10320219,
 "cands_per_record_mean": 5.0,
 "cand_recall_val": 0.984379754140785,
 "cand_recall_all": 0.9842967703166843,
 "val_recall_r_e3_emb": 0.984379754140785,
 "val_recall_r_b1_comb": 0.0,
 "val_recall_r_b1_name": 0.0,
 "val_recall_r_b1_addr": 0.0,
 "val_s1_cands_mean": 23.375219367271196,
 "val_s1_cands_p50_p90_p99_max": [
  19.0,
  41.0,
  87.0,
  699
 ],
 "val_s1_all_matches_covered": 0.9465537712428491,
 "runtime_s": 15.953397035598755
}
