== 2026-10-05T20:15:02+05:30 e2f_train
python -u code/embeddings/ngram_biencoder.py --mode train --tag e2f --epochs 20 --drop 0.15 --final --train_only
GPU: NVIDIA H100 NVL MIG 3g.47gb, 46.4 GiB, SMs 60, torch 2.5.1+cu121, cuda 12.1
[20:15:04] load inputs to GPU ...
[20:15:29] load inputs to GPU done in 25.2s
rows 12527040 S1 2206821 3.79 GiB peak
training pairs 7638365
{'epoch': 0, 'loss': 0.25780801674936094, 'temp': 0.04445584541469127, 'time_s': 55.13583755493164}
{'epoch': 1, 'loss': 0.10375517190310304, 'temp': 0.040861607365521, 'time_s': 63.41321063041687}
{'epoch': 2, 'loss': 0.07625011179818207, 'temp': 0.03819115963560637, 'time_s': 71.6612753868103}
{'epoch': 3, 'loss': 0.061958500742580455, 'temp': 0.03610127445911484, 'time_s': 79.89431285858154}
{'epoch': 4, 'loss': 0.05310354979549259, 'temp': 0.03437963709054299, 'time_s': 88.1265377998352}
{'epoch': 5, 'loss': 0.047915513859833135, 'temp': 0.032915151960759614, 'time_s': 96.35267448425293}
{'epoch': 6, 'loss': 0.043821915371743854, 'temp': 0.0316297364423418, 'time_s': 104.59754395484924}
{'epoch': 7, 'loss': 0.040981682816143755, 'temp': 0.030513237597094105, 'time_s': 112.82443857192993}
{'epoch': 8, 'loss': 0.03843438478551416, 'temp': 0.029478476208791536, 'time_s': 121.08333230018616}
{'epoch': 9, 'loss': 0.03626559038711351, 'temp': 0.028541217843723172, 'time_s': 129.34021377563477}
{'epoch': 10, 'loss': 0.03456894053759091, 'temp': 0.027669131815109757, 'time_s': 137.6523585319519}
{'epoch': 11, 'loss': 0.03308732034623872, 'temp': 0.026827284043291957, 'time_s': 145.97529220581055}
{'epoch': 12, 'loss': 0.031848337993873675, 'temp': 0.026039167271318202, 'time_s': 154.27774143218994}
{'epoch': 13, 'loss': 0.030710042221435686, 'temp': 0.02528722587120425, 'time_s': 162.79024171829224}
{'epoch': 14, 'loss': 0.029537124579359954, 'temp': 0.024569274547236165, 'time_s': 171.6976318359375}
{'epoch': 15, 'loss': 0.028370741431840114, 'temp': 0.023861450922961144, 'time_s': 180.16142296791077}
{'epoch': 16, 'loss': 0.027267195625754498, 'temp': 0.023172860345314013, 'time_s': 188.74738311767578}
{'epoch': 17, 'loss': 0.026893457668307766, 'temp': 0.022527994851920117, 'time_s': 197.38679385185242}
{'epoch': 18, 'loss': 0.025745195626436075, 'temp': 0.021901099790650167, 'time_s': 205.80748224258423}
{'epoch': 19, 'loss': 0.02522996547986194, 'temp': 0.021291908434214735, 'time_s': 214.37109422683716}
