== 2026-10-05T22:15:39+05:30 v8_cands_train
python -u code/v7/build_cands.py --split train --universe dms --name c3wdms --plan results/v8/cands_plan.json
[22:15:51] re-cut lists on the present S1 (depth x4) ...
[22:16:00] re-cut lists on the present S1 (depth x4) done in 8.7s
[22:16:01] block and sibling passes ...
  pass key: 12801779 pairs
  pass addr: 1839356 pairs
  pass numstreet: 2891007 pairs
  pass sib_addr: 5362470 pairs
  pass sib_key: 10143257 pairs
  pass sib_name: 6945506 pairs
[22:18:54] block and sibling passes done in 173.0s
[22:18:54] union (in record chunks) ...
[22:19:07] union (in record chunks) done in 13.0s
{
 "split": "train",
 "universe": "dms",
 "depth_mult": 4,
 "passes_planned": {
  "key": 30,
  "addr": 10,
  "numstreet": 10,
  "sib_addr": 50,
  "sib_key": 30,
  "sib_name": 20
 },
 "records": 7973917,
 "list_pairs": 106449570,
 "passes_kept": {
  "key": 30,
  "addr": 10,
  "numstreet": 10,
  "sib_addr": 50,
  "sib_key": 30,
  "sib_name": 20
 },
 "pairs": 121048754,
 "pairs_per_record": 15.18058866175808,
 "only_from_pass": {
  "x_key": 4995582,
  "x_addr": 139714,
  "x_numst": 517311,
  "x_sib_addr": 2058196,
  "x_sib_key": 4565414,
  "x_sib_name": 3576855
 },
 "recall": 0.9928904254506529,
 "recall_lists_only": 0.9905297754766557,
 "true_pairs": 4778345,
 "runtime_s": 221.5111105442047
}
