== 2026-10-05T23:13:28+05:30 v8_c1
python -u code/v6/train_collective.py --feats c4v8_train_dmsA --s1tag xgb_v8_blend --tag xgb_v8_c1 --simdrop 62 --extra auto --extra_set v8 --drop_feats cos_e3,b_gap_cos_e3,b_rank_cos_e3,a_gap_cos_e3,a_rank_cos_e3,b_gap2_cos_e3,r_e3_emb,sib_emb_max,sib_emb_mean
GPU: NVIDIA H100 NVL MIG 3g.47gb, 46.4 GiB, SMs 60, torch 2.5.1+cu121, cuda 12.1
extra inputs: []
[23:13:30] context + sibling + collective features ...
    siblings a<60000: 1490492 record pairs
    siblings a<120000: 1495050 record pairs
    siblings a<180000: 1497332 record pairs
    siblings a<240000: 1489609 record pairs
    siblings a<300000: 1490302 record pairs
    siblings a<360000: 1489352 record pairs
    siblings a<420000: 1473919 record pairs
    siblings a<480000: 1483198 record pairs
    siblings a<540000: 1471916 record pairs
    siblings a<600000: 1472678 record pairs
    siblings a<660000: 1469551 record pairs
    siblings a<720000: 1485986 record pairs
    siblings a<780000: 1479256 record pairs
    siblings a<840000: 1476823 record pairs
    siblings a<900000: 1471277 record pairs
    siblings a<960000: 1486551 record pairs
    siblings a<1020000: 1459789 record pairs
    siblings a<1080000: 1463514 record pairs
    siblings a<1140000: 1464263 record pairs
    siblings a<1200000: 1476993 record pairs
    siblings a<1260000: 1447555 record pairs
    siblings a<1320000: 1464369 record pairs
    siblings a<1380000: 1466756 record pairs
    siblings a<1440000: 1464595 record pairs
    siblings a<1500000: 1450137 record pairs
    siblings a<1560000: 1470969 record pairs
    siblings a<1620000: 1455013 record pairs
    siblings a<1680000: 1445756 record pairs
    siblings a<1740000: 1454571 record pairs
    siblings a<1800000: 1460782 record pairs
    siblings a<1860000: 1456719 record pairs
    siblings a<1920000: 1466444 record pairs
    siblings a<1980000: 1441063 record pairs
    siblings a<2040000: 1455251 record pairs
    siblings a<2100000: 1449497 record pairs
    siblings a<2160000: 1450051 record pairs
    siblings a<2220000: 1125425 record pairs
collective feature means: {'c_addr_same': 0.1364, 'c_addr_cross': 0.0655, 'c_num_same': 0.2427, 'c_num_cross': 0.2167, 'c_num_nonS1': 0.0387, 'c_key': 0.3814, 'c_name_same': 0.1069, 'c_name_cross': 0.1202, 'c_support': 0.6897, 'c_nsib': 3.2304, 'c_nsib_same': 1.5704, 'c_src_conf': 1.8514, 'c_support_margin': -0.0355}
[23:17:03] context + sibling + collective features done in 213.4s
[23:17:03] write side-car parts ...
[23:17:06] write side-car parts done in 2.4s
132 features
[23:17:06] model A (folds 1,2; early stop fold 3) ...
[0]	fold3-logloss:0.54638	fold3-aucpr:0.99889
[250]	fold3-logloss:0.01647	fold3-aucpr:0.99941
[500]	fold3-logloss:0.01635	fold3-aucpr:0.99941
[605]	fold3-logloss:0.01635	fold3-aucpr:0.99941
[23:17:58] model A (folds 1,2; early stop fold 3) done in 51.9s
[23:17:58] model B (folds 3,4) ...
[23:18:36] model B (folds 3,4) done in 38.0s
[23:18:36] OOF scores ...
[23:19:41] OOF scores done in 65.5s
[23:19:41] decision search ...
[23:20:17] decision search done in 35.9s
VALIDATION fold 0: {"n_s1": 276027, "macro_f05": 0.9878485668411561, "tp": 929845, "fp": 2825, "fn": 26381, "n_pred_matches": 932670, "n_pred_empty": 15863, "n_true_singletons": 15226, "singleton_acc": 0.9896886903980034, "pair_precision": 0.9969710615759058, "pair_recall": 0.9724113337223627, "thr": 0.7, "margin": 0.5, "candidate_recall": 0.9922455570126727}
