== 2026-10-05T23:04:40+05:30 v8_full
python -u code/xgboost/train_xgb.py --feats c4v8_train_dmsA --tag xgb_v8_full --simdrop 62
GPU: NVIDIA H100 NVL MIG 3g.47gb, 46.4 GiB, SMs 60, torch 2.5.1+cu121, cuda 12.1
110 features: ['r_e3_emb', 'r_b1_comb', 'r_b1_name', 'r_b1_addr', 'x_key', 'x_addr', 'x_numst', 'x_sib_addr', 'x_sib_key', 'x_sib_name', 'cos_name', 'cos_addr', 'cos_sum', 'cos_e3', 'b_n', 'a_n', 'b_gap_cos_sum', 'b_rank_cos_sum', 'a_gap_cos_sum', 'a_rank_cos_sum', 'b_gap_cos_e3', 'b_rank_cos_e3', 'a_gap_cos_e3', 'a_rank_cos_e3', 'b_gap2_cos_sum', 'b_gap2_cos_e3', 'key_n_s1', 'key_n_r', 'n_ratio', 'n_tsort', 'n_tset', 'n_partial', 'n_jw', 'k_tsort', 'k_tset', 'ns_ratio', 'ns_partial', 'ns_lev', 'a_tset', 'a_tsort', 'a_partial', 'n_jac', 'n_c12', 'n_c21', 'k_jac', 'k_c12', 'k_c21', 'k_eq', 'k_sorted_eq', 'first_tok_eq', 'n_len1', 'n_len2', 'n_ntok1', 'n_ntok2', 'legal_1', 'legal_2', 'legal_jac', 'is_domain', 'nonlatin', 'nonascii_left', 'src3', 'a_empty2', 'a_jac', 'a_c12', 'a_c21', 'a_ntok2', 'num_jac', 'num_c12', 'num_c21', 'num_n1', 'num_n2', 'num_conflict', 'fnum_eq', 'fnum_in', 'state_cmp', 'fnum_lev', 'fnum_reldiff', 'fnum1_in_r', 'cnum_jac', 'cnum_c12', 'cnum_c21', 'cnum_conflict', 'legal_fam_cmp', 'legal_added', 'legal_dropped', 'tok_unm_12', 'tok_unm_21', 'tok_minbest_12', 'tok_minbest_21', 'v5_name_top', 'v5_name_n05', 'v5_name_n15', 'v5_name_gap12', 'v5_name_sc', 'v5_name_gap', 'v5_addr_top', 'v5_addr_n05', 'v5_addr_n15', 'v5_addr_gap12', 'v5_addr_sc', 'v5_addr_gap', 'v5_s1_mindf', 'v5_s1_meandf', 'v5_rec_mindf', 'v5_shared_mindf', 'v5_n_shared_rare', 'v5_st_tset', 'v5_st_jac', 'v5_st_c12', 'v5_st_c21']
[23:04:42] model A: train folds 1,2 / early stop fold 3 ...
train rows 26095604 pos 7586412
[0]	fold3-logloss:0.53986	fold3-aucpr:0.99357
[250]	fold3-logloss:0.02241	fold3-aucpr:0.99897
[500]	fold3-logloss:0.02080	fold3-aucpr:0.99910
[750]	fold3-logloss:0.02032	fold3-aucpr:0.99914
[1000]	fold3-logloss:0.02011	fold3-aucpr:0.99915
[1250]	fold3-logloss:0.02001	fold3-aucpr:0.99916
[1500]	fold3-logloss:0.01998	fold3-aucpr:0.99916
[1628]	fold3-logloss:0.01998	fold3-aucpr:0.99916
[23:06:04] model A: train folds 1,2 / early stop fold 3 done in 81.7s
rounds 1479 0.00 GiB peak
[23:06:04] model B: train folds 3,4 ...
[23:07:10] model B: train folds 3,4 done in 66.2s
[23:07:11] out-of-fold scores (streamed) ...
[23:07:56] out-of-fold scores (streamed) done in 44.9s
[23:07:56] decision search ...
[23:08:32] decision search done in 36.0s
VALIDATION fold 0: {"n_s1": 276027, "macro_f05": 0.9859764371336354, "tp": 924402, "fp": 3336, "fn": 31824, "n_pred_matches": 927738, "n_pred_empty": 15624, "n_true_singletons": 15226, "singleton_acc": 0.9814790489951399, "pair_precision": 0.9964041572081773, "pair_recall": 0.9667191647162909, "thr": 0.7, "margin": 0.4, "candidate_recall": 0.9922455570126727}
