== 2026-10-05T23:08:33+05:30 v8_noemb
python -u code/xgboost/train_xgb.py --feats c4v8_train_dmsA --tag xgb_v8_noemb --simdrop 62 --drop cos_e3,b_gap_cos_e3,b_rank_cos_e3,a_gap_cos_e3,a_rank_cos_e3,b_gap2_cos_e3,r_e3_emb
GPU: NVIDIA H100 NVL MIG 3g.47gb, 46.4 GiB, SMs 60, torch 2.5.1+cu121, cuda 12.1
103 features: ['r_b1_comb', 'r_b1_name', 'r_b1_addr', 'x_key', 'x_addr', 'x_numst', 'x_sib_addr', 'x_sib_key', 'x_sib_name', 'cos_name', 'cos_addr', 'cos_sum', 'b_n', 'a_n', 'b_gap_cos_sum', 'b_rank_cos_sum', 'a_gap_cos_sum', 'a_rank_cos_sum', 'b_gap2_cos_sum', 'key_n_s1', 'key_n_r', 'n_ratio', 'n_tsort', 'n_tset', 'n_partial', 'n_jw', 'k_tsort', 'k_tset', 'ns_ratio', 'ns_partial', 'ns_lev', 'a_tset', 'a_tsort', 'a_partial', 'n_jac', 'n_c12', 'n_c21', 'k_jac', 'k_c12', 'k_c21', 'k_eq', 'k_sorted_eq', 'first_tok_eq', 'n_len1', 'n_len2', 'n_ntok1', 'n_ntok2', 'legal_1', 'legal_2', 'legal_jac', 'is_domain', 'nonlatin', 'nonascii_left', 'src3', 'a_empty2', 'a_jac', 'a_c12', 'a_c21', 'a_ntok2', 'num_jac', 'num_c12', 'num_c21', 'num_n1', 'num_n2', 'num_conflict', 'fnum_eq', 'fnum_in', 'state_cmp', 'fnum_lev', 'fnum_reldiff', 'fnum1_in_r', 'cnum_jac', 'cnum_c12', 'cnum_c21', 'cnum_conflict', 'legal_fam_cmp', 'legal_added', 'legal_dropped', 'tok_unm_12', 'tok_unm_21', 'tok_minbest_12', 'tok_minbest_21', 'v5_name_top', 'v5_name_n05', 'v5_name_n15', 'v5_name_gap12', 'v5_name_sc', 'v5_name_gap', 'v5_addr_top', 'v5_addr_n05', 'v5_addr_n15', 'v5_addr_gap12', 'v5_addr_sc', 'v5_addr_gap', 'v5_s1_mindf', 'v5_s1_meandf', 'v5_rec_mindf', 'v5_shared_mindf', 'v5_n_shared_rare', 'v5_st_tset', 'v5_st_jac', 'v5_st_c12', 'v5_st_c21']
[23:08:35] model A: train folds 1,2 / early stop fold 3 ...
train rows 26095604 pos 7586412
[0]	fold3-logloss:0.54012	fold3-aucpr:0.99270
[250]	fold3-logloss:0.02346	fold3-aucpr:0.99888
[500]	fold3-logloss:0.02176	fold3-aucpr:0.99902
[750]	fold3-logloss:0.02129	fold3-aucpr:0.99905
[1000]	fold3-logloss:0.02110	fold3-aucpr:0.99907
[1250]	fold3-logloss:0.02101	fold3-aucpr:0.99907
[1482]	fold3-logloss:0.02099	fold3-aucpr:0.99907
[23:09:45] model A: train folds 1,2 / early stop fold 3 done in 69.7s
rounds 1333 0.00 GiB peak
[23:09:45] model B: train folds 3,4 ...
[23:10:43] model B: train folds 3,4 done in 58.5s
[23:10:44] out-of-fold scores (streamed) ...
[23:11:45] out-of-fold scores (streamed) done in 61.3s
[23:11:45] decision search ...
[23:12:21] decision search done in 36.6s
VALIDATION fold 0: {"n_s1": 276027, "macro_f05": 0.9854704721738607, "tp": 924964, "fp": 4013, "fn": 31262, "n_pred_matches": 928977, "n_pred_empty": 15539, "n_true_singletons": 15226, "singleton_acc": 0.9766189412846447, "pair_precision": 0.9956801944504546, "pair_recall": 0.9673068918853911, "thr": 0.65, "margin": 0.5, "candidate_recall": 0.9922455570126727}
