== 2026-09-26T02:49:26+05:30 xenc_refit
python -u code/neural_reranker/xenc_score_pairs.py --split test --pairs p2/v4_pairs_refit_hash1.parquet --jobs xA=A@pR,xB=B@pR --out p2/xenc_refit_hash1.parquet
GPU: NVIDIA H100 PCIe MIG 3g.40gb, 39.5 GiB, SMs 46, torch 2.5.1+cu121, cuda 12.1
{"args": {"split": "test", "pairs": "p2/v4_pairs_refit_hash1.parquet", "out": "p2/xenc_refit_hash1.parquet", "name": "hardv2", "jobs": "xA=A@pR,xB=B@pR", "lo": 0.02, "hi": 0.98, "maxlen": 110}, "pairs": 83108284, "union_band": 1283208, "band_xA": 1283208, "band_xB": 1283208}
[02:49:28] texts + tokenize ...
Warning: You are sending unauthenticated requests to the HF Hub. Please set a HF_TOKEN to enable higher rate limits and faster downloads.
[02:52:17] texts + tokenize done in 169.4s
[02:52:17] cross-encoder A: 1283208 pairs ...
Loading weights:   0%|          | 0/199 [00:00<?, ?it/s]Loading weights: 100%|██████████| 199/199 [00:00<00:00, 7326.33it/s]
[1mXLMRobertaModel LOAD REPORT[0m from: FacebookAI/xlm-roberta-base
Key                       | Status     |  | 
--------------------------+------------+--+-
lm_head.layer_norm.weight | UNEXPECTED |  | 
lm_head.bias              | UNEXPECTED |  | 
lm_head.layer_norm.bias   | UNEXPECTED |  | 
lm_head.dense.bias        | UNEXPECTED |  | 
lm_head.dense.weight      | UNEXPECTED |  | 

[3mNotes:
- UNEXPECTED[3m	:can be ignored when loading from different task/architecture; not ok if you expect identical arch.[0m
/tmp/ai_25901334/AmazonML/code/neural_reranker/xenc_score_pairs.py:72: FutureWarning: You are using `torch.load` with `weights_only=False` (the current default value), which uses the default pickle module implicitly. It is possible to construct malicious pickle data which will execute arbitrary code during unpickling (See https://github.com/pytorch/pytorch/blob/main/SECURITY.md#untrusted-models for more details). In a future release, the default value for `weights_only` will be flipped to `True`. This limits the functions that could be executed during unpickling. Arbitrary objects will no longer be allowed to be loaded via this mode unless they are explicitly allowlisted by the user via `torch.serialization.add_safe_globals`. We recommend you start setting `weights_only=True` for any use case where you don't have full control of the loaded file. Please open an issue on GitHub for any issues related to this experimental feature.
  m.load_state_dict(torch.load(os.path.join(CACHE, "xenc", f"ml_{args.name}_model_{h}.pt"), map_location=dev))
[02:54:32] cross-encoder A: 1283208 pairs done in 134.6s
[02:54:32] cross-encoder B: 1283208 pairs ...
Loading weights:   0%|          | 0/199 [00:00<?, ?it/s]Loading weights: 100%|██████████| 199/199 [00:00<00:00, 7510.86it/s]
[1mXLMRobertaModel LOAD REPORT[0m from: FacebookAI/xlm-roberta-base
Key                       | Status     |  | 
--------------------------+------------+--+-
lm_head.layer_norm.weight | UNEXPECTED |  | 
lm_head.bias              | UNEXPECTED |  | 
lm_head.layer_norm.bias   | UNEXPECTED |  | 
lm_head.dense.bias        | UNEXPECTED |  | 
lm_head.dense.weight      | UNEXPECTED |  | 

[3mNotes:
- UNEXPECTED[3m	:can be ignored when loading from different task/architecture; not ok if you expect identical arch.[0m
[02:56:44] cross-encoder B: 1283208 pairs done in 132.3s
{"args": {"split": "test", "pairs": "p2/v4_pairs_refit_hash1.parquet", "out": "p2/xenc_refit_hash1.parquet", "name": "hardv2", "jobs": "xA=A@pR,xB=B@pR", "lo": 0.02, "hi": 0.98, "maxlen": 110}, "pairs": 83108284, "union_band": 1283208, "band_xA": 1283208, "band_xB": 1283208, "runtime_s": 436.5840175151825, "gpu": "2.38 GiB peak"}
