== 2026-10-05T21:06:39+05:30 xgb_noemb
python -u code/xgboost/train_xgb.py --feats c2_train_sim19 --tag xgb_c2_sim19_noemb_v2 --simdrop 19 --drop cos_e3,b_gap_cos_e3,b_rank_cos_e3,a_gap_cos_e3,a_rank_cos_e3,b_gap2_cos_e3,r_e3_emb
GPU: NVIDIA H100 NVL MIG 3g.47gb, 46.4 GiB, SMs 60, torch 2.5.1+cu121, cuda 12.1
76 features: ['r_b1_comb', 'r_b1_name', 'r_b1_addr', 'cos_name', 'cos_addr', 'cos_sum', 'b_n', 'a_n', 'b_gap_cos_sum', 'b_rank_cos_sum', 'a_gap_cos_sum', 'a_rank_cos_sum', 'b_gap2_cos_sum', 'key_n_s1', 'key_n_r', 'n_ratio', 'n_tsort', 'n_tset', 'n_partial', 'n_jw', 'k_tsort', 'k_tset', 'ns_ratio', 'ns_partial', 'ns_lev', 'a_tset', 'a_tsort', 'a_partial', 'n_jac', 'n_c12', 'n_c21', 'k_jac', 'k_c12', 'k_c21', 'k_eq', 'k_sorted_eq', 'first_tok_eq', 'n_len1', 'n_len2', 'n_ntok1', 'n_ntok2', 'legal_1', 'legal_2', 'legal_jac', 'is_domain', 'nonlatin', 'nonascii_left', 'src3', 'a_empty2', 'a_jac', 'a_c12', 'a_c21', 'a_ntok2', 'num_jac', 'num_c12', 'num_c21', 'num_n1', 'num_n2', 'num_conflict', 'fnum_eq', 'fnum_in', 'state_cmp', 'fnum_lev', 'fnum_reldiff', 'fnum1_in_r', 'cnum_jac', 'cnum_c12', 'cnum_c21', 'cnum_conflict', 'legal_fam_cmp', 'legal_added', 'legal_dropped', 'tok_unm_12', 'tok_unm_21', 'tok_minbest_12', 'tok_minbest_21']
[21:06:42] model A: train folds 1,2 / early stop fold 3 ...
train rows 66956084 pos 9740164
[0]	fold3-logloss:0.36059	fold3-aucpr:0.99391
[250]	fold3-logloss:0.01120	fold3-aucpr:0.99909
[500]	fold3-logloss:0.01013	fold3-aucpr:0.99925
[750]	fold3-logloss:0.00983	fold3-aucpr:0.99929
[1000]	fold3-logloss:0.00968	fold3-aucpr:0.99930
[1250]	fold3-logloss:0.00960	fold3-aucpr:0.99931
[1500]	fold3-logloss:0.00956	fold3-aucpr:0.99932
[1750]	fold3-logloss:0.00953	fold3-aucpr:0.99932
[1911]	fold3-logloss:0.00953	fold3-aucpr:0.99932
[21:09:23] model A: train folds 1,2 / early stop fold 3 done in 161.7s
rounds 1762 0.00 GiB peak
[21:09:23] model B: train folds 3,4 ...
[21:11:35] model B: train folds 3,4 done in 131.2s
[21:11:35] out-of-fold scores (streamed) ...
[21:12:21] out-of-fold scores (streamed) done in 46.0s
[21:12:21] decision search ...
[21:13:00] decision search done in 39.4s
VALIDATION fold 0: {"n_s1": 357966, "macro_f05": 0.9837434495710561, "tp": 1192700, "fp": 5753, "fn": 46462, "n_pred_matches": 1198453, "n_pred_empty": 20464, "n_true_singletons": 19918, "singleton_acc": 0.977758811125615, "pair_precision": 0.9951996448755187, "pair_recall": 0.9625053060051874, "thr": 0.65, "margin": 0.6, "candidate_recall": 0.9844209231722729}
